###############################################################
#  Generated by:      Cadence Innovus 21.15-s110_1
#  OS:                Linux x86_64(Host ID smartlab6.calicut.nielit.in)
#  Generated on:      Thu Aug  6 16:54:58 2026
#  Design:            top
#  Command:           verify_drc -report drc.rpt -limit 50
###############################################################

SPACING: ( ParallelRunLength Spacing ) Regular Wire of Net OV7670_cam/configure_cam/SCCB_HERE/CG__RC_CG_HIER_INST10/n_2 & Blockage of Cell OV7670_cam/configure_cam/SCCB_HERE/CG__RC_CG_HIER_INST13/enl_reg  ( metal1 )
Bounds : ( 470.770, 4918.200 ) ( 471.260, 4919.500 )


SPACING: ( ParallelRunLength Spacing ) Regular Wire of Net OV7670_cam/configure_cam/SCCB_HERE/CG__RC_CG_HIER_INST10/n_2 & Blockage of Cell OV7670_cam/configure_cam/SCCB_HERE/CG__RC_CG_HIER_INST13/enl_reg  ( metal1 )
Bounds : ( 469.760, 4919.500 ) ( 470.770, 4922.000 )


SHORT: ( Metal Short ) Regular Wire of Net OV7670_cam/configure_cam/SCCB_HERE/CG__RC_CG_HIER_INST10/n_2 & Blockage of Cell OV7670_cam/configure_cam/SCCB_HERE/CG__RC_CG_HIER_INST13/enl_reg  ( metal1 )
Bounds : ( 470.770, 4919.500 ) ( 471.260, 4922.000 )


SPACING: ( ParallelRunLength Spacing ) Regular Wire of Net OV7670_cam/configure_cam/OV7670_Registers/n_260 & Regular Wire of Net OV7670_cam/configure_cam/w_cam_rom_addr[5]  ( metal2 )
Bounds : ( 2295.600, 5008.200 ) ( 2296.150, 5010.700 )


SPACING: ( ParallelRunLength Spacing ) Regular Wire of Net OV7670_cam/configure_cam/OV7670_config/CG__RC_CG_HIER_INST7/n_2 & Blockage of Cell OV7670_cam/configure_cam/OV7670_config/CG__RC_CG_HIER_INST7/enl_reg  ( metal2 )
Bounds : ( 1802.180, 4125.400 ) ( 1802.660, 4127.900 )


SHORT: ( Metal Short ) Regular Wire of Net OV7670_cam/configure_cam/OV7670_config/CG__RC_CG_HIER_INST7/n_2 & Blockage of Cell OV7670_cam/configure_cam/OV7670_config/CG__RC_CG_HIER_INST7/enl_reg  ( metal2 )
Bounds : ( 1797.380, 4125.400 ) ( 1797.980, 4127.900 )


SPACING: ( ParallelRunLength Spacing ) Regular Wire of Net OV7670_cam/configure_cam/OV7670_config/CG__RC_CG_HIER_INST6/n_2 & Blockage of Cell OV7670_cam/configure_cam/OV7670_config/CG__RC_CG_HIER_INST6/enl_reg  ( metal2 )
Bounds : ( 1437.040, 4209.900 ) ( 1437.520, 4212.400 )


SPACING: ( ParallelRunLength Spacing ) Regular Wire of Net OV7670_cam/configure_cam/SCCB_HERE/CG__RC_CG_HIER_INST12/n_2 & Blockage of Cell OV7670_cam/configure_cam/SCCB_HERE/CG__RC_CG_HIER_INST12/enl_reg  ( metal2 )
Bounds : ( 704.120, 4125.400 ) ( 704.600, 4127.900 )


SHORT: ( Metal Short ) Regular Wire of Net OV7670_cam/configure_cam/OV7670_config/CG__RC_CG_HIER_INST6/n_2 & Blockage of Cell OV7670_cam/configure_cam/OV7670_config/CG__RC_CG_HIER_INST6/enl_reg  ( metal2 )
Bounds : ( 1441.720, 4209.900 ) ( 1442.320, 4212.400 )


SHORT: ( Metal Short ) Regular Wire of Net OV7670_cam/configure_cam/SCCB_HERE/CG__RC_CG_HIER_INST12/n_2 & Blockage of Cell OV7670_cam/configure_cam/SCCB_HERE/CG__RC_CG_HIER_INST12/enl_reg  ( metal2 )
Bounds : ( 699.320, 4125.400 ) ( 699.920, 4127.900 )


SPACING: ( ParallelRunLength Spacing ) Regular Wire of Net OV7670_cam/configure_cam/OV7670_config/n_289 & Blockage of Cell OV7670_cam/configure_cam/OV7670_config/CG__RC_CG_HIER_INST7/enl_reg  ( metal2 )
Bounds : ( 1802.710, 4124.800 ) ( 1803.980, 4127.300 )


  Total Violations : 11 Viols.
