============================================================
  Generated by:           Genus(TM) Synthesis Solution 21.14-s082_1
  Generated on:           Aug 06 2026  11:06:45 am
  Module:                 top
  Operating conditions:   WORST 
  Interconnect mode:      global
  Area mode:              physical library
============================================================

       Instance                              Module                        Cell Count   Cell Area  Net Area   Total Area 
-------------------------------------------------------------------------------------------------------------------------
top                                                                              2976 4243591.380     0.000  4243591.380 
  OV7670_cam           cam_top_CAM_CONFIG_CLK100000000                           2194 3098576.460     0.000  3098576.460 
    cam_btn_start_db   debouncer_DELAY240000_1                                    213  312537.120     0.000   312537.120 
    cam_pixels         cam_capture                                                388  591325.140     0.000   591325.140 
    configure_cam      cam_init_CLK_F100000000_SCCB_F400000                      1592 2194100.580     0.000  2194100.580 
      OV7670_Registers cam_rom                                                    547  680504.580     0.000   680504.580 
      OV7670_config    cam_config_CLK_F100000000                                  443  673345.680     0.000   673345.680 
      SCCB_HERE        sccb_master_CLK_F100000000_SCCB_F400000                    602  840250.320     0.000   840250.320 
  display_interface    vga_top                                                    563  790751.640     0.000   790751.640 
    vga_timing_signals vga_driver_hDisp640_hFp16_hPulse96_hBp48_vDisp480_         219  312537.120     0.000   312537.120 
  pixel_memory         mem_bram_WIDTH12_DEPTH307200                                12   49089.600     0.000    49089.600 
  top_btn_db           debouncer_DELAY240000                                      194  269992.800     0.000   269992.800 
