============================================================
  Generated by:           Genus(TM) Synthesis Solution 21.14-s082_1
  Generated on:           Aug 06 2026  11:06:45 am
  Module:                 top
  Operating conditions:   WORST 
  Interconnect mode:      global
  Area mode:              physical library
============================================================


Path 1: MET (0 ps) Setup Check with Pin OV7670_cam/configure_cam/SCCB_HERE/r_tx_reg[2]/C->D
          Group: i_top_clk
     Startpoint: (R) OV7670_cam/configure_cam/SCCB_HERE/timer_reg[0]/C
          Clock: (R) i_top_clk
       Endpoint: (R) OV7670_cam/configure_cam/SCCB_HERE/r_tx_reg[2]/D
          Clock: (R) i_top_clk

                     Capture       Launch     
        Clock Edge:+   20000            0     
       Src Latency:+       0            0     
       Net Latency:+       0 (I)        0 (I) 
           Arrival:=   20000            0     
                                              
             Setup:-    1523                  
       Uncertainty:-     100                  
     Required Time:=   18377                  
      Launch Clock:-       0                  
         Data Path:-   18377                  
             Slack:=       0                  

#----------------------------------------------------------------------------------------------------------------------------------
#                    Timing Point                      Flags     Arc     Edge   Cell     Fanout  Load Trans Delay Arrival Instance 
#                                                                                                (fF)  (ps)  (ps)   (ps)  Location 
#----------------------------------------------------------------------------------------------------------------------------------
  OV7670_cam/configure_cam/SCCB_HERE/timer_reg[0]/C    -       -         R     (arrival)    160     -   100     0       0    (-,-) 
  OV7670_cam/configure_cam/SCCB_HERE/timer_reg[0]/Q    -       C->Q      R     DFCL11         1  92.1  1190  4703    4703    (-,-) 
  OV7670_cam/configure_cam/SCCB_HERE/drc_bufs7508/OUT1 -       IN1->OUT1 F     INVR03         5 239.9  1118   878    5581    (-,-) 
  OV7670_cam/configure_cam/SCCB_HERE/g7387/OUT1        -       IN1->OUT1 R     INVR03         3 145.9   967   666    6246    (-,-) 
  OV7670_cam/configure_cam/SCCB_HERE/g7316/OUT1        -       IN2->OUT1 R     AND401         1  38.5   979  1526    7772    (-,-) 
  OV7670_cam/configure_cam/SCCB_HERE/g7223__8713/OUT1  -       IN2->OUT1 R     AND401         2 114.2  1286  1764    9536    (-,-) 
  OV7670_cam/configure_cam/SCCB_HERE/g7198/OUT1        -       IN1->OUT1 F     INVR02         3 129.2  1043   800   10336    (-,-) 
  OV7670_cam/configure_cam/SCCB_HERE/g7197/OUT1        -       IN1->OUT1 R     INVR01         1  32.8  1038   675   11010    (-,-) 
  OV7670_cam/configure_cam/SCCB_HERE/g8667/OUT1        -       IN2->OUT1 F     NND401         1  92.1   965  2249   13259    (-,-) 
  OV7670_cam/configure_cam/SCCB_HERE/drc_bufs4382/OUT1 -       IN1->OUT1 R     INVR03         1 178.0   972   691   13951    (-,-) 
  OV7670_cam/configure_cam/SCCB_HERE/drc_bufs8051/OUT1 -       IN1->OUT1 F     INVR06         2 356.0   906   714   14665    (-,-) 
  OV7670_cam/configure_cam/SCCB_HERE/drc_bufs8050/OUT1 -       IN1->OUT1 R     INVR06         9 342.8   976   714   15379    (-,-) 
  OV7670_cam/configure_cam/SCCB_HERE/g7095__7410/OUT1  -       IN1->OUT1 F     NND201         1  32.1  1322   595   15974    (-,-) 
  OV7670_cam/configure_cam/SCCB_HERE/g7042__7098/OUT1  -       IN3->OUT1 R     NND501         1 165.6  1326  2403   18377    (-,-) 
  OV7670_cam/configure_cam/SCCB_HERE/r_tx_reg[2]/D     <<<     -         R     DFCL11         1     -     -     0   18377    (-,-) 
#----------------------------------------------------------------------------------------------------------------------------------

