============================================================
  Generated by:           Genus(TM) Synthesis Solution 21.14-s082_1
  Generated on:           Aug 05 2026  05:20:38 pm
  Module:                 top
  Operating conditions:   WORST 
  Interconnect mode:      global
  Area mode:              physical library
============================================================

       Instance                              Module                        Cell Count   Cell Area  Net Area   Total Area 
-------------------------------------------------------------------------------------------------------------------------
top                                                                              2986 4254636.540     0.000  4254636.540 
  OV7670_cam           cam_top_CAM_CONFIG_CLK100000000                           2203 3109008.000     0.000  3109008.000 
    cam_btn_start_db   debouncer_DELAY240000_1                                    213  312537.120     0.000   312537.120 
    cam_pixels         cam_capture                                                388  591325.140     0.000   591325.140 
    configure_cam      cam_init_CLK_F100000000_SCCB_F400000                      1601 2204532.120     0.000  2204532.120 
      OV7670_Registers cam_rom                                                    555  689299.800     0.000   689299.800 
      OV7670_config    cam_config_CLK_F100000000                                  444  674982.000     0.000   674982.000 
      SCCB_HERE        sccb_master_CLK_F100000000_SCCB_F400000                    602  840250.320     0.000   840250.320 
  display_interface    vga_top                                                    564  791365.260     0.000   791365.260 
    vga_timing_signals vga_driver_hDisp640_hFp16_hPulse96_hBp48_vDisp480_         220  313150.740     0.000   313150.740 
  pixel_memory         mem_bram_WIDTH12_DEPTH307200                                12   49089.600     0.000    49089.600 
  top_btn_db           debouncer_DELAY240000                                      194  269992.800     0.000   269992.800 
