============================================================
  Generated by:           Genus(TM) Synthesis Solution 21.14-s082_1
  Generated on:           Aug 05 2026  05:20:38 pm
  Module:                 top
  Operating conditions:   WORST 
  Interconnect mode:      global
  Area mode:              physical library
============================================================

Aspect ratio        : 1.000
Shrink factor       : 1.000
Scale of res/length : 1.000
Scale of cap/length : 1.000
Net derating factor : 1.000
Thermal factor      : 1.000
Via Resistance      : 0.170 ohm (from lef_library)
Site size           : 52.900 um (from lef [tech+cell])

                                   Capacitance    
  Layer                             / Length           Data source:
Name        Direction Utilization  (pF/micron)         lef_library
--------------------------------------------------
metal1          H         1.00        0.000265 ** 
metal2          V         1.00        0.000239 ** 

** = 'metal1' is dropped because its width (2.4) is too large (threshold 2)
** = 'metal2' is dropped because its width (2.5) is too large (threshold 2)

                                    Resistance     
  Layer                              / Length           Data source:
Name        Direction Utilization  (ohm/micron)         lef_library
---------------------------------------------------
metal1          H         1.00         0.020833 ** 
metal2          V         1.00         0.012000 ** 

** = 'metal1' is dropped because its width (2.4) is too large (threshold 2)
** = 'metal2' is dropped because its width (2.5) is too large (threshold 2)

                                        Area       
  Layer                               / Length          Data source:
Name        Direction Utilization     (micron)          lef_library
---------------------------------------------------
metal1          H         1.00         2.400000 ** 
metal2          V         1.00         2.500000 ** 

** = 'metal1' is dropped because its width (2.4) is too large (threshold 2)
** = 'metal2' is dropped because its width (2.5) is too large (threshold 2)

