============================================================
  Generated by:           Genus(TM) Synthesis Solution 21.14-s082_1
  Generated on:           Aug 05 2026  05:20:38 pm
  Module:                 top
  Operating conditions:   WORST 
  Interconnect mode:      global
  Area mode:              physical library
============================================================

                                              Library 
 Gate   Instances     Area         Library     Domain 
------------------------------------------------------
ADNR01         12    14726.880    ss_125_2p45   TC_SS 
ADOR16          1     2659.020    ss_125_2p45   TC_SS 
AND201        407   499486.680    ss_125_2p45   TC_SS 
AND301         23    37635.360    ss_125_2p45   TC_SS 
AND401         31    57066.660    ss_125_2p45   TC_SS 
AND501          6    12272.400    ss_125_2p45   TC_SS 
AND601          1     3477.180    ss_125_2p45   TC_SS 
AND801          3    11045.160    ss_125_2p45   TC_SS 
AOI401         32    71998.080    ss_125_2p45   TC_SS 
CDRI01         24    63816.480    ss_125_2p45   TC_SS 
DEC24H          2    12272.400    ss_125_2p45   TC_SS 
DFCL11        185   908157.600    ss_125_2p45   TC_SS 
DFFL11         52   212721.600    ss_125_2p45   TC_SS 
DFPR11         21   103088.160    ss_125_2p45   TC_SS 
INVR01         62    38044.440    ss_125_2p45   TC_SS 
INVR02        574   469623.840    ss_125_2p45   TC_SS 
INVR03        578   472896.480    ss_125_2p45   TC_SS 
INVR04          3     3068.100    ss_125_2p45   TC_SS 
INVR05         53    65043.720    ss_125_2p45   TC_SS 
INVR06         39    55839.420    ss_125_2p45   TC_SS 
NND201        178   145632.480    ss_125_2p45   TC_SS 
NND301         16    29453.760    ss_125_2p45   TC_SS 
NND401         11    24749.340    ss_125_2p45   TC_SS 
NND501         19    46635.120    ss_125_2p45   TC_SS 
NOR200          8     6545.280    ss_125_2p45   TC_SS 
NOR201        147   240539.040    ss_125_2p45   TC_SS 
NOR301         14    25772.040    ss_125_2p45   TC_SS 
NOR401          2     4499.880    ss_125_2p45   TC_SS 
NOR501          1     2454.480    ss_125_2p45   TC_SS 
NOR601          4    10636.080    ss_125_2p45   TC_SS 
OR2101        347   354876.900    ss_125_2p45   TC_SS 
OR3101         23    32930.940    ss_125_2p45   TC_SS 
OR5101          2     5727.120    ss_125_2p45   TC_SS 
OR7101          4    13090.560    ss_125_2p45   TC_SS 
ORND01          1     1431.780    ss_125_2p45   TC_SS 
PDDR02          2     6545.280    ss_125_2p45   TC_SS 
PDDR04          5    16363.200    ss_125_2p45   TC_SS 
XNR201         90   165677.400    ss_125_2p45   TC_SS 
XOR201          3     6136.200    ss_125_2p45   TC_SS 
------------------------------------------------------
total        2986  4254636.540                


                                            
     Type      Instances     Area    Area % 
--------------------------------------------
sequential           258 1223967.360   28.8 
inverter            1309 1104516.000   26.0 
buffer                24   63816.480    1.5 
logic               1395 1862336.700   43.8 
physical_cells         0       0.000    0.0 
--------------------------------------------
total               2986 4254636.540  100.0 

