============================================================
  Generated by:           Genus(TM) Synthesis Solution 21.14-s082_1
  Generated on:           Aug 06 2026  11:12:40 am
  Module:                 top
  Operating conditions:   WORST 
  Interconnect mode:      global
  Area mode:              physical library
============================================================

       Instance                              Module                        Cell Count   Cell Area  Net Area   Total Area 
-------------------------------------------------------------------------------------------------------------------------
top                                                                              2911 4224773.700     0.000  4224773.700 
  OV7670_cam           cam_top_CAM_CONFIG_CLK100000000                           2115 3052759.500     0.000  3052759.500 
    cam_btn_start_db   debouncer_DELAY240000_1                                    232  318264.240     0.000   318264.240 
    cam_pixels         cam_capture                                                404  617710.800     0.000   617710.800 
    configure_cam      cam_init_CLK_F100000000_SCCB_F400000                      1478 2115966.300     0.000  2115966.300 
      OV7670_Registers cam_rom                                                    535  664959.540     0.000   664959.540 
      OV7670_config    cam_config_CLK_F100000000                                  416  657596.100     0.000   657596.100 
      SCCB_HERE        sccb_master_CLK_F100000000_SCCB_F400000                    527  793410.660     0.000   793410.660 
  display_interface    vga_top                                                    563  771729.420     0.000   771729.420 
    vga_timing_signals vga_driver_hDisp640_hFp16_hPulse96_hBp48_vDisp480_         246  336059.220     0.000   336059.220 
  pixel_memory         mem_bram_WIDTH12_DEPTH307200                                12   49089.600     0.000    49089.600 
  top_btn_db           debouncer_DELAY240000                                      206  314377.980     0.000   314377.980 
