============================================================
  Generated by:           Genus(TM) Synthesis Solution 21.14-s082_1
  Generated on:           Aug 06 2026  11:12:40 am
  Module:                 top
  Operating conditions:   WORST 
  Interconnect mode:      global
  Area mode:              physical library
============================================================


Summary
-------
--------------------------------------------------------------------------
            Category            Number     %    Average Toggle Saving %   
--------------------------------------------------------------------------
 Total Clock Gating Instances       18  100.00                         -  
--------------------------------------------------------------------------
 RC Clock Gating Instances          18  100.00                     50.84  
 Non-RC Clock Gating Instances       0    0.00                      0.00  
--------------------------------------------------------------------------
 RC Gated Flip-flops               183   70.93                     55.23  
 Non-RC Gated Flip-flops             0    0.00                      0.00  
--------------------------------------------------------------------------
 Total Gated Flip-flops            183   70.93                         -  
 Total Ungated Flip-flops           75   29.07                         -  
 Enable not found                   57   76.00                         -  
 Register bank width too small      18   24.00                         -  
--------------------------------------------------------------------------
 Total Flip-flops                  258  100.00                         -  
--------------------------------------------------------------------------
Multibit Flip-flop Summary
--------------------------
-------------------------------------------------------
Width     Number     Bits     RC Gated     Ungated     
-------------------------------------------------------
1-bit     258        258      183 (70.93%) 75 (29.07%) 
-------------------------------------------------------


