============================================================
  Generated by:           Genus(TM) Synthesis Solution 21.14-s082_1
  Generated on:           Aug 06 2026  11:12:40 am
  Module:                 top
  Operating conditions:   WORST 
  Interconnect mode:      global
  Area mode:              physical library
============================================================

                                              Library 
 Gate   Instances     Area         Library     Domain 
------------------------------------------------------
ADNR01         24    29453.760    ss_125_2p45   TC_SS 
ADOR16          8    21272.160    ss_125_2p45   TC_SS 
AND201        338   414807.120    ss_125_2p45   TC_SS 
AND301         52    85088.640    ss_125_2p45   TC_SS 
AND401         26    47862.360    ss_125_2p45   TC_SS 
AND501          2     4090.800    ss_125_2p45   TC_SS 
AND801          2     7363.440    ss_125_2p45   TC_SS 
AOI401         30    67498.200    ss_125_2p45   TC_SS 
CDRI01         35    93065.700    ss_125_2p45   TC_SS 
DEC24H          2    12272.400    ss_125_2p45   TC_SS 
DFCL11        185   908157.600    ss_125_2p45   TC_SS 
DFFL11         52   212721.600    ss_125_2p45   TC_SS 
DFPR11         21   103088.160    ss_125_2p45   TC_SS 
INVR01         68    41726.160    ss_125_2p45   TC_SS 
INVR02        664   543258.240    ss_125_2p45   TC_SS 
INVR03        606   495804.960    ss_125_2p45   TC_SS 
INVR04          3     3068.100    ss_125_2p45   TC_SS 
INVR05         50    61362.000    ss_125_2p45   TC_SS 
INVR06         34    48680.520    ss_125_2p45   TC_SS 
LTCL11          9    31294.620    ss_125_2p45   TC_SS 
LTPR11          9    31294.620    ss_125_2p45   TC_SS 
NND201        110    89997.600    ss_125_2p45   TC_SS 
NND300          2     2454.480    ss_125_2p45   TC_SS 
NND301         17    31294.620    ss_125_2p45   TC_SS 
NND401         10    22499.400    ss_125_2p45   TC_SS 
NND501         18    44180.640    ss_125_2p45   TC_SS 
NOR200          9     7363.440    ss_125_2p45   TC_SS 
NOR201        145   237266.400    ss_125_2p45   TC_SS 
NOR301         12    22090.320    ss_125_2p45   TC_SS 
NOR401          5    11249.700    ss_125_2p45   TC_SS 
NOR501          1     2454.480    ss_125_2p45   TC_SS 
NOR601          2     5318.040    ss_125_2p45   TC_SS 
NOR801          1     3272.640    ss_125_2p45   TC_SS 
OR2101        223   228062.100    ss_125_2p45   TC_SS 
OR3101         28    40089.840    ss_125_2p45   TC_SS 
OR4101          1     1636.320    ss_125_2p45   TC_SS 
OR7101          6    19635.840    ss_125_2p45   TC_SS 
OR8101          1     4090.800    ss_125_2p45   TC_SS 
ORND01          1     1431.780    ss_125_2p45   TC_SS 
PDDR02          1     3272.640    ss_125_2p45   TC_SS 
PDDR04          2     6545.280    ss_125_2p45   TC_SS 
XNR201         93   171199.980    ss_125_2p45   TC_SS 
XOR201          3     6136.200    ss_125_2p45   TC_SS 
------------------------------------------------------
total        2911  4224773.700                


                                            
     Type      Instances     Area    Area % 
--------------------------------------------
sequential           276 1286556.600   30.5 
inverter            1425 1193899.980   28.3 
buffer                35   93065.700    2.2 
logic               1175 1651251.420   39.1 
physical_cells         0       0.000    0.0 
--------------------------------------------
total               2911 4224773.700  100.0 

