============================================================
  Generated by:           Genus(TM) Synthesis Solution 21.14-s082_1
  Generated on:           Aug 06 2026  11:12:40 am
  Module:                 top
  Operating conditions:   WORST 
  Interconnect mode:      global
  Area mode:              physical library
============================================================


Path 1: MET (0 ps)
          Group: cg_enable_group_i_top_clk
     Startpoint: (R) top_btn_db/counter_reg[14]/C
          Clock: (R) i_top_clk
       Endpoint: (R) top_btn_db/CG__RC_CG_HIER_INST18/enl_reg/D
          Clock: (F) i_top_clk

                     Capture       Launch     
        Clock Edge:+   10000            0     
       Src Latency:+       0            0     
       Net Latency:+       0 (I)        0 (I) 
           Arrival:=   10000            0     
                                              
     Time Borrowed:+    3835                  
       Uncertainty:-     100                  
     Required Time:=   13735                  
      Launch Clock:-       0                  
         Data Path:-   13735                  
             Slack:=       0                  

#------------------------------------------------------------------------------------------------------------------------------
#                  Timing Point                    Flags     Arc     Edge   Cell     Fanout  Load Trans Delay Arrival Instance 
#                                                                                            (fF)  (ps)  (ps)   (ps)  Location 
#------------------------------------------------------------------------------------------------------------------------------
  top_btn_db/counter_reg[14]/C                     -       -         R     (arrival)      5     -   100     0       0    (-,-) 
  top_btn_db/counter_reg[14]/Q                     -       C->Q      R     DFFL11         1  66.9  1047  4621    4621    (-,-) 
  top_btn_db/drc_bufs1164/OUT1                     -       IN1->OUT1 F     INVR02         1  92.1   832   654    5275    (-,-) 
  top_btn_db/drc_bufs1162/OUT1                     -       IN1->OUT1 R     INVR03         3 179.5   918   664    5939    (-,-) 
  top_btn_db/g813/OUT1                             -       IN2->OUT1 F     NOR201         1  44.4   609  2092    8032    (-,-) 
  top_btn_db/g2164/OUT1                            -       IN1->OUT1 F     AND401         2  45.6   754  1246    9277    (-,-) 
  top_btn_db/g802_dup/OUT1                         -       IN2->OUT1 F     AND201         1  33.9   743  1202   10479    (-,-) 
  top_btn_db/g1270/OUT1                            -       IN1->OUT1 R     INVR01         1  35.0   920   625   11104    (-,-) 
  top_btn_db/CG__RC_CG_HIER_INST18/g10/OUT1        -       IN1->OUT1 R     OR2101         1  66.9   932  1359   12464    (-,-) 
  top_btn_db/CG__RC_CG_HIER_INST18/drc_bufs17/OUT1 -       IN1->OUT1 F     INVR02         1  92.1   789   633   13097    (-,-) 
  top_btn_db/CG__RC_CG_HIER_INST18/drc_bufs16/OUT1 -       IN1->OUT1 R     INVR03         1 168.3   875   638   13735    (-,-) 
  top_btn_db/CG__RC_CG_HIER_INST18/enl_reg/D       <<<     -         R     LTCL11         1     -     -     0   13735    (-,-) 
#------------------------------------------------------------------------------------------------------------------------------

