###############################################################
#  Generated by:      Cadence Innovus 21.15-s110_1
#  OS:                Linux x86_64(Host ID smartlab6.calicut.nielit.in)
#  Generated on:      Mon Aug 17 16:09:25 2026
#  Design:            top
#  Command:           reportCellPad > cellpad.rpt
###############################################################
Cell Name                         left      right        top     bottom
INVR01                             300        300          0          0
INVR02                             300        300          0          0
INVR03                             300        300          0          0
INVR05                             300        300          0          0
INVR06                             300        300          0          0
LTCH11                             300        300          0          0
LTCL11                             300        300          0          0
LTPC11                             300        300          0          0
LTPR11                             300        300          0          0
ADNR01                             300        300          0          0
ADOR16                             300        300          0          0
CDRI02                             300        300          0          0
DEC24H                             300        300          0          0
DEC24L                             300        300          0          0
DELAY1                             300        300          0          0
DELBUF                             300        300          0          0
NND300                             300        300          0          0
NND301                             300        300          0          0
NND401                             300        300          0          0
NND501                             300        300          0          0
NND601                             300        300          0          0
NND701                             300        300          0          0
NND801                             300        300          0          0
NOR200                             300        300          0          0
NOR300                             300        300          0          0
NOR301                             300        300          0          0
NOR401                             300        300          0          0
NOR501                             300        300          0          0
NOR601                             300        300          0          0
NOR701                             300        300          0          0
NOR801                             300        300          0          0
OR3101                             300        300          0          0
OR4101                             300        300          0          0
OR5101                             300        300          0          0
OR6101                             300        300          0          0
OR7101                             300        300          0          0
OR8101                             300        300          0          0
ORND01                             300        300          0          0
TBUF01                             300        300          0          0
TINV01                             300        300          0          0
XNR201                             300        300          0          0
AND301                             300        300          0          0
AND401                             300        300          0          0
AND501                             300        300          0          0
AND601                             300        300          0          0
AND701                             300        300          0          0
AND801                             300        300          0          0
AND201                             300        300          0          0
OR2101                             300        300          0          0
NND201                             300        300          0          0
NOR201                             300        300          0          0
INVR04                             300        300          0          0
AOI401                             300        300          0          0
MX201B                             300        300          0          0
MX4122                             300        300          0          0
MX2101                             300        300          0          0
CDRI01                             300        300          0          0
DFPC11                             300        300          0          0
XOR201                             300        300          0          0
DFCL11                             300        300          0          0
DFFL11                             300        300          0          0
DFPR11                             300        300          0          0
VDDCON                             300        300          0          0
VSSCON                             300        300          0          0
PDDR02                             300        300          0          0
PDDR04                             300        300          0          0
PadLessCorner_New                  300        300          0          0
BPD120                             300        300          0          0
BPD121                             300        300          0          0
BPD12D                             300        300          0          0
BPD12U                             300        300          0          0
BPD140                             300        300          0          0
BPD141                             300        300          0          0
BPD14D                             300        300          0          0
BPD14U                             300        300          0          0
BPD220                             300        300          0          0
BPD221                             300        300          0          0
BPD22D                             300        300          0          0
BPD22U                             300        300          0          0
BPD240                             300        300          0          0
BPD241                             300        300          0          0
BPD24D                             300        300          0          0
BPD24U                             300        300          0          0
BPD320                             300        300          0          0
BPD340                             300        300          0          0
IPAD00                             300        300          0          0
IPAD10                             300        300          0          0
IPAD1D                             300        300          0          0
IPAD1U                             300        300          0          0
IPAD20                             300        300          0          0
IPAD2D                             300        300          0          0
IPAD2U                             300        300          0          0
IPAD30                             300        300          0          0
IPAD3D                             300        300          0          0
IPAD3U                             300        300          0          0
OPAD02                             300        300          0          0
OPAD04                             300        300          0          0
OPAD12                             300        300          0          0
OPAD14                             300        300          0          0
TPAD02                             300        300          0          0
TPAD04                             300        300          0          0
PVDD01                             300        300          0          0
PVSS01                             300        300          0          0
PVSS02                             300        300          0          0

# Total 104 cells have padding.
