============================================================
  Generated by:           Genus(TM) Synthesis Solution 21.14-s082_1
  Generated on:           Aug 06 2026  10:30:46 am
  Module:                 top
  Operating conditions:   WORST 
  Interconnect mode:      global
  Area mode:              physical library
============================================================

       Instance                              Module                        Cell Count   Cell Area  Net Area   Total Area 
-------------------------------------------------------------------------------------------------------------------------
top                                                                              3093 4510720.620     0.000  4510720.620 
  OV7670_cam           cam_top_CAM_CONFIG_CLK100000000                           2283 3341365.440     0.000  3341365.440 
    cam_btn_start_db   debouncer_DELAY240000_1                                    212  330332.100     0.000   330332.100 
    cam_pixels         cam_capture                                                388  591325.140     0.000   591325.140 
    configure_cam      cam_init_CLK_F100000000_SCCB_F400000                      1682 2419094.580     0.000  2419094.580 
      OV7670_Registers cam_rom                                                    540  702390.360     0.000   702390.360 
      OV7670_config    cam_config_CLK_F100000000                                  493  748616.400     0.000   748616.400 
      SCCB_HERE        sccb_master_CLK_F100000000_SCCB_F400000                    649  968087.820     0.000   968087.820 
  display_interface    vga_top                                                    564  791365.260     0.000   791365.260 
    vga_timing_signals vga_driver_hDisp640_hFp16_hPulse96_hBp48_vDisp480_         220  313150.740     0.000   313150.740 
  pixel_memory         mem_bram_WIDTH12_DEPTH307200                                12   49089.600     0.000    49089.600 
  top_btn_db           debouncer_DELAY240000                                      221  293719.440     0.000   293719.440 
