============================================================
  Generated by:           Genus(TM) Synthesis Solution 21.14-s082_1
  Generated on:           Aug 06 2026  10:30:46 am
  Module:                 top
  Operating conditions:   WORST 
  Interconnect mode:      global
  Area mode:              physical library
============================================================

                                              Library 
 Gate   Instances     Area         Library     Domain 
------------------------------------------------------
ADNR01         14    17181.360    ss_125_2p45   TC_SS 
ADOR16          2     5318.040    ss_125_2p45   TC_SS 
AND201        404   495804.960    ss_125_2p45   TC_SS 
AND301         23    37635.360    ss_125_2p45   TC_SS 
AND401         11    20249.460    ss_125_2p45   TC_SS 
AND501          5    10227.000    ss_125_2p45   TC_SS 
AND601          1     3477.180    ss_125_2p45   TC_SS 
AND801          3    11045.160    ss_125_2p45   TC_SS 
AOI401         31    69748.140    ss_125_2p45   TC_SS 
CDRI01         96   255265.920    ss_125_2p45   TC_SS 
DEC24H          2    12272.400    ss_125_2p45   TC_SS 
DFCL11        185   908157.600    ss_125_2p45   TC_SS 
DFFL11         52   212721.600    ss_125_2p45   TC_SS 
DFPR11         21   103088.160    ss_125_2p45   TC_SS 
INVR01         53    32521.860    ss_125_2p45   TC_SS 
INVR02        580   474532.800    ss_125_2p45   TC_SS 
INVR03        678   554712.480    ss_125_2p45   TC_SS 
INVR04          4     4090.800    ss_125_2p45   TC_SS 
INVR05         58    71179.920    ss_125_2p45   TC_SS 
INVR06         32    45816.960    ss_125_2p45   TC_SS 
NND201        125   102270.000    ss_125_2p45   TC_SS 
NND300          1     1227.240    ss_125_2p45   TC_SS 
NND301         18    33135.480    ss_125_2p45   TC_SS 
NND401         12    26999.280    ss_125_2p45   TC_SS 
NND501         13    31908.240    ss_125_2p45   TC_SS 
NND601          1     2863.560    ss_125_2p45   TC_SS 
NOR200          1      818.160    ss_125_2p45   TC_SS 
NOR201        194   317446.080    ss_125_2p45   TC_SS 
NOR301         26    47862.360    ss_125_2p45   TC_SS 
NOR401          4     8999.760    ss_125_2p45   TC_SS 
NOR501          4     9817.920    ss_125_2p45   TC_SS 
NOR601          3     7977.060    ss_125_2p45   TC_SS 
NOR801          1     3272.640    ss_125_2p45   TC_SS 
OR2101        288   294537.600    ss_125_2p45   TC_SS 
OR3101         36    51544.080    ss_125_2p45   TC_SS 
OR5101          1     2863.560    ss_125_2p45   TC_SS 
OR7101          8    26181.120    ss_125_2p45   TC_SS 
ORND01          2     2863.560    ss_125_2p45   TC_SS 
PDDR02          3     9817.920    ss_125_2p45   TC_SS 
PDDR04          3     9817.920    ss_125_2p45   TC_SS 
XNR201         92   169359.120    ss_125_2p45   TC_SS 
XOR201          2     4090.800    ss_125_2p45   TC_SS 
------------------------------------------------------
total        3093  4510720.620                


                                            
     Type      Instances     Area    Area % 
--------------------------------------------
sequential           258 1223967.360   27.1 
inverter            1405 1182854.820   26.2 
buffer                96  255265.920    5.7 
logic               1334 1848632.520   41.0 
physical_cells         0       0.000    0.0 
--------------------------------------------
total               3093 4510720.620  100.0 

