============================================================
  Generated by:           Genus(TM) Synthesis Solution 21.14-s082_1
  Generated on:           Aug 06 2026  10:30:46 am
  Module:                 top
  Operating conditions:   WORST 
  Interconnect mode:      global
  Area mode:              physical library
============================================================


Path 1: MET (9 ps) Setup Check with Pin OV7670_cam/configure_cam/SCCB_HERE/r_data_bit_index_reg[7]/C->D
          Group: i_top_clk
     Startpoint: (R) OV7670_cam/configure_cam/SCCB_HERE/r_data_bit_index_reg[8]/C
          Clock: (R) i_top_clk
       Endpoint: (R) OV7670_cam/configure_cam/SCCB_HERE/r_data_bit_index_reg[7]/D
          Clock: (R) i_top_clk

                     Capture       Launch     
        Clock Edge:+   25000            0     
       Src Latency:+       0            0     
       Net Latency:+       0 (I)        0 (I) 
           Arrival:=   25000            0     
                                              
             Setup:-    1524                  
       Uncertainty:-     100                  
     Required Time:=   23376                  
      Launch Clock:-       0                  
         Data Path:-   23367                  
             Slack:=       9                  

#------------------------------------------------------------------------------------------------------------------------------------------
#                        Timing Point                          Flags     Arc     Edge   Cell     Fanout  Load Trans Delay Arrival Instance 
#                                                                                                        (fF)  (ps)  (ps)   (ps)  Location 
#------------------------------------------------------------------------------------------------------------------------------------------
  OV7670_cam/configure_cam/SCCB_HERE/r_data_bit_index_reg[8]/C -       -         R     (arrival)    160     -   100     0       0    (-,-) 
  OV7670_cam/configure_cam/SCCB_HERE/r_data_bit_index_reg[8]/Q -       C->Q      R     DFCL11         1  66.9  1066  4620    4620    (-,-) 
  OV7670_cam/configure_cam/SCCB_HERE/drc_bufs9196/OUT1         -       IN1->OUT1 F     INVR02         1  66.9   757   588    5208    (-,-) 
  OV7670_cam/configure_cam/SCCB_HERE/drc_bufs9194/OUT1         -       IN1->OUT1 R     INVR02         3 133.9   934   681    5889    (-,-) 
  OV7670_cam/configure_cam/SCCB_HERE/g6472__5115/OUT1          -       IN1->OUT1 F     NOR201         1  26.7   535  2049    7938    (-,-) 
  OV7670_cam/configure_cam/SCCB_HERE/g11668/OUT1               -       IN2->OUT1 R     NND301         2  67.8   788  2295   10233    (-,-) 
  OV7670_cam/configure_cam/SCCB_HERE/g11898/OUT1               -       IN2->OUT1 F     NOR201         1  92.1   808  2178   12411    (-,-) 
  OV7670_cam/configure_cam/SCCB_HERE/drc_bufs9317/OUT1         -       IN1->OUT1 R     INVR03         5 161.8   871   631   13042    (-,-) 
  OV7670_cam/configure_cam/SCCB_HERE/g8850_0/OUT1              -       IN1->OUT1 R     AND201         1  36.2   882  1362   14404    (-,-) 
  OV7670_cam/configure_cam/SCCB_HERE/g8833__9315/OUT1          -       IN2->OUT1 R     AND301         1  66.9  1031  1960   16363    (-,-) 
  OV7670_cam/configure_cam/SCCB_HERE/drc_bufs9422/OUT1         -       IN1->OUT1 F     INVR02         1  92.1   826   651   17014    (-,-) 
  OV7670_cam/configure_cam/SCCB_HERE/drc_bufs9420/OUT1         -       IN1->OUT1 R     INVR03         2 204.9   973   701   17716    (-,-) 
  OV7670_cam/configure_cam/SCCB_HERE/g8736__1617/OUT1          -       IN1->OUT1 R     AND201         1  35.0   877  1385   19101    (-,-) 
  OV7670_cam/configure_cam/SCCB_HERE/g8728__5107/OUT1          -       IN1->OUT1 R     OR2101         2  53.8   878  1314   20414    (-,-) 
  OV7670_cam/configure_cam/SCCB_HERE/g8668__1617/OUT1          -       IN1->OUT1 R     AND201         1  35.0   877  1360   21774    (-,-) 
  OV7670_cam/configure_cam/SCCB_HERE/g8661__5107/OUT1          -       IN1->OUT1 R     OR2101         1 165.6  1338  1592   23367    (-,-) 
  OV7670_cam/configure_cam/SCCB_HERE/r_data_bit_index_reg[7]/D <<<     -         R     DFCL11         1     -     -     0   23367    (-,-) 
#------------------------------------------------------------------------------------------------------------------------------------------

