============================================================
  Generated by:           Genus(TM) Synthesis Solution 21.14-s082_1
  Generated on:           Aug 06 2026  09:23:34 am
  Module:                 top
  Operating conditions:   WORST 
  Interconnect mode:      global
  Area mode:              physical library
============================================================

       Instance                              Module                        Cell Count   Cell Area  Net Area   Total Area 
-------------------------------------------------------------------------------------------------------------------------
top                                                                              2987 4208615.040     0.000  4208615.040 
  OV7670_cam           cam_top_CAM_CONFIG_CLK100000000                           2199 3061350.180     0.000  3061350.180 
    cam_btn_start_db   debouncer_DELAY240000_1                                    195  274288.140     0.000   274288.140 
    cam_pixels         cam_capture                                                394  596847.720     0.000   596847.720 
    configure_cam      cam_init_CLK_F100000000_SCCB_F400000                      1609 2189396.160     0.000  2189396.160 
      OV7670_Registers cam_rom                                                    555  675595.620     0.000   675595.620 
      OV7670_config    cam_config_CLK_F100000000                                  441  673141.140     0.000   673141.140 
      SCCB_HERE        sccb_master_CLK_F100000000_SCCB_F400000                    613  840659.400     0.000   840659.400 
  display_interface    vga_top                                                    567  791365.260     0.000   791365.260 
    vga_timing_signals vga_driver_hDisp640_hFp16_hPulse96_hBp48_vDisp480_         228  319082.400     0.000   319082.400 
  pixel_memory         mem_bram_WIDTH12_DEPTH307200                                12   49089.600     0.000    49089.600 
  top_btn_db           debouncer_DELAY240000                                      194  269992.800     0.000   269992.800 
