============================================================
  Generated by:           Genus(TM) Synthesis Solution 21.14-s082_1
  Generated on:           Aug 06 2026  09:23:34 am
  Module:                 top
  Operating conditions:   WORST 
  Interconnect mode:      global
  Area mode:              physical library
============================================================

                                              Library 
 Gate   Instances     Area         Library     Domain 
------------------------------------------------------
ADNR01         14    17181.360    ss_125_2p45   TC_SS 
ADOR16          1     2659.020    ss_125_2p45   TC_SS 
AND201        419   514213.560    ss_125_2p45   TC_SS 
AND301         21    34362.720    ss_125_2p45   TC_SS 
AND401         30    55225.800    ss_125_2p45   TC_SS 
AND501          6    12272.400    ss_125_2p45   TC_SS 
AND801          2     7363.440    ss_125_2p45   TC_SS 
AOI401         30    67498.200    ss_125_2p45   TC_SS 
CDRI01          8    21272.160    ss_125_2p45   TC_SS 
DEC24H          2    12272.400    ss_125_2p45   TC_SS 
DFCL11        185   908157.600    ss_125_2p45   TC_SS 
DFFL11         52   212721.600    ss_125_2p45   TC_SS 
DFPR11         21   103088.160    ss_125_2p45   TC_SS 
INVR01         63    38658.060    ss_125_2p45   TC_SS 
INVR02        589   481896.240    ss_125_2p45   TC_SS 
INVR03        601   491714.160    ss_125_2p45   TC_SS 
INVR04          3     3068.100    ss_125_2p45   TC_SS 
INVR05         47    57680.280    ss_125_2p45   TC_SS 
INVR06         28    40089.840    ss_125_2p45   TC_SS 
NND201        171   139905.360    ss_125_2p45   TC_SS 
NND300          2     2454.480    ss_125_2p45   TC_SS 
NND301         19    34976.340    ss_125_2p45   TC_SS 
NND401         12    26999.280    ss_125_2p45   TC_SS 
NND501         15    36817.200    ss_125_2p45   TC_SS 
NND601          1     2863.560    ss_125_2p45   TC_SS 
NOR200         10     8181.600    ss_125_2p45   TC_SS 
NOR201        131   214357.920    ss_125_2p45   TC_SS 
NOR301         13    23931.180    ss_125_2p45   TC_SS 
NOR401          3     6749.820    ss_125_2p45   TC_SS 
NOR501          1     2454.480    ss_125_2p45   TC_SS 
NOR601          3     7977.060    ss_125_2p45   TC_SS 
NOR801          1     3272.640    ss_125_2p45   TC_SS 
OR2101        347   354876.900    ss_125_2p45   TC_SS 
OR3101         25    35794.500    ss_125_2p45   TC_SS 
OR4101          1     1636.320    ss_125_2p45   TC_SS 
OR5101          2     5727.120    ss_125_2p45   TC_SS 
OR7101          6    19635.840    ss_125_2p45   TC_SS 
ORND01          3     4295.340    ss_125_2p45   TC_SS 
PDDR02          3     9817.920    ss_125_2p45   TC_SS 
PDDR04          5    16363.200    ss_125_2p45   TC_SS 
XNR201         88   161995.680    ss_125_2p45   TC_SS 
XOR201          3     6136.200    ss_125_2p45   TC_SS 
------------------------------------------------------
total        2987  4208615.040                


                                            
     Type      Instances     Area    Area % 
--------------------------------------------
sequential           258 1223967.360   29.1 
inverter            1331 1113106.680   26.4 
buffer                 8   21272.160    0.5 
logic               1390 1850268.840   44.0 
physical_cells         0       0.000    0.0 
--------------------------------------------
total               2987 4208615.040  100.0 

