============================================================
  Generated by:           Genus(TM) Synthesis Solution 21.14-s082_1
  Generated on:           Aug 06 2026  09:23:34 am
  Module:                 top
  Operating conditions:   WORST 
  Interconnect mode:      global
  Area mode:              physical library
============================================================


Path 1: MET (0 ps) Setup Check with Pin OV7670_cam/configure_cam/SCCB_HERE/timer_reg[7]/C->D
          Group: i_top_clk
     Startpoint: (R) OV7670_cam/configure_cam/SCCB_HERE/state_reg[1]/C
          Clock: (R) i_top_clk
       Endpoint: (R) OV7670_cam/configure_cam/SCCB_HERE/timer_reg[7]/D
          Clock: (R) i_top_clk

                     Capture       Launch     
        Clock Edge:+   20000            0     
       Src Latency:+       0            0     
       Net Latency:+       0 (I)        0 (I) 
           Arrival:=   20000            0     
                                              
             Setup:-    1538                  
       Uncertainty:-     100                  
     Required Time:=   18362                  
      Launch Clock:-       0                  
         Data Path:-   18362                  
             Slack:=       0                  

#----------------------------------------------------------------------------------------------------------------------------------
#                    Timing Point                      Flags     Arc     Edge   Cell     Fanout  Load Trans Delay Arrival Instance 
#                                                                                                (fF)  (ps)  (ps)   (ps)  Location 
#----------------------------------------------------------------------------------------------------------------------------------
  OV7670_cam/configure_cam/SCCB_HERE/state_reg[1]/C    -       -         R     (arrival)    160     -   100     0       0    (-,-) 
  OV7670_cam/configure_cam/SCCB_HERE/state_reg[1]/QB   -       C->QB     R     DFCL11         1  92.1  1543  4172    4172    (-,-) 
  OV7670_cam/configure_cam/SCCB_HERE/drc_bufs7485/OUT1 -       IN1->OUT1 F     INVR03         2 133.8   994   742    4914    (-,-) 
  OV7670_cam/configure_cam/SCCB_HERE/drc_bufs9477/OUT1 -       IN1->OUT1 R     INVR02         2 100.6   932   656    5570    (-,-) 
  OV7670_cam/configure_cam/SCCB_HERE/drc_bufs8265/OUT1 -       IN1->OUT1 F     INVR02         2 127.1   900   721    6292    (-,-) 
  OV7670_cam/configure_cam/SCCB_HERE/drc_bufs8263/OUT1 -       IN1->OUT1 R     INVR03         6 182.8   954   684    6976    (-,-) 
  OV7670_cam/configure_cam/SCCB_HERE/g7356/OUT1        -       IN2->OUT1 R     AND201         1  35.0   877  1380    8356    (-,-) 
  OV7670_cam/configure_cam/SCCB_HERE/g7314/OUT1        -       IN1->OUT1 R     OR2101         2  57.8   894  1324    9680    (-,-) 
  OV7670_cam/configure_cam/SCCB_HERE/g7268/OUT1        -       IN2->OUT1 R     AND201         1  35.0   877  1364   11045    (-,-) 
  OV7670_cam/configure_cam/SCCB_HERE/g7198__5526/OUT1  -       IN1->OUT1 R     OR2101         1  22.8   749  1234   12278    (-,-) 
  OV7670_cam/configure_cam/SCCB_HERE/g7154__1666/OUT1  -       IN2->OUT1 R     AND201         1  44.7   920  1355   13633    (-,-) 
  OV7670_cam/configure_cam/SCCB_HERE/g7132__5526/OUT1  -       IN3->OUT1 R     OR3101         1  92.1  1118  1762   15395    (-,-) 
  OV7670_cam/configure_cam/SCCB_HERE/drc_bufs7525/OUT1 -       IN1->OUT1 F     INVR03         1  92.1   744   583   15978    (-,-) 
  OV7670_cam/configure_cam/SCCB_HERE/drc_bufs7523/OUT1 -       IN1->OUT1 R     INVR03         8 182.4   887   649   16627    (-,-) 
  OV7670_cam/configure_cam/SCCB_HERE/g7034__2883/OUT1  -       IN2->OUT1 R     AND201         1 165.6  1450  1735   18362    (-,-) 
  OV7670_cam/configure_cam/SCCB_HERE/timer_reg[7]/D    <<<     -         R     DFCL11         1     -     -     0   18362    (-,-) 
#----------------------------------------------------------------------------------------------------------------------------------

