============================================================
  Generated by:           Genus(TM) Synthesis Solution 21.14-s082_1
  Generated on:           Aug 06 2026  10:29:45 am
  Module:                 top
  Operating conditions:   WORST 
  Interconnect mode:      global
  Area mode:              physical library
============================================================

                                              Library 
 Gate   Instances     Area         Library     Domain 
------------------------------------------------------
ADNR01         19    23317.560    ss_125_2p45   TC_SS 
ADOR16          1     2659.020    ss_125_2p45   TC_SS 
AND201        393   482305.320    ss_125_2p45   TC_SS 
AND301         29    47453.280    ss_125_2p45   TC_SS 
AND401         45    82838.700    ss_125_2p45   TC_SS 
AND501         16    32726.400    ss_125_2p45   TC_SS 
AND801          1     3681.720    ss_125_2p45   TC_SS 
AOI401         32    71998.080    ss_125_2p45   TC_SS 
CDRI01         11    29249.220    ss_125_2p45   TC_SS 
DEC24H          3    18408.600    ss_125_2p45   TC_SS 
DFCL11        185   908157.600    ss_125_2p45   TC_SS 
DFFL11         52   212721.600    ss_125_2p45   TC_SS 
DFPR11         21   103088.160    ss_125_2p45   TC_SS 
INVR01         55    33749.100    ss_125_2p45   TC_SS 
INVR02        591   483532.560    ss_125_2p45   TC_SS 
INVR03        616   503986.560    ss_125_2p45   TC_SS 
INVR04          1     1022.700    ss_125_2p45   TC_SS 
INVR05         36    44180.640    ss_125_2p45   TC_SS 
INVR06         24    34362.720    ss_125_2p45   TC_SS 
MX201B          1     2201.240    ss_125_2p45   TC_SS 
NND201        203   166086.480    ss_125_2p45   TC_SS 
NND300          2     2454.480    ss_125_2p45   TC_SS 
NND301         16    29453.760    ss_125_2p45   TC_SS 
NND401         17    38248.980    ss_125_2p45   TC_SS 
NND501          7    17181.360    ss_125_2p45   TC_SS 
NND701          5    16363.200    ss_125_2p45   TC_SS 
NOR200          5     4090.800    ss_125_2p45   TC_SS 
NOR201        137   224175.840    ss_125_2p45   TC_SS 
NOR301          9    16567.740    ss_125_2p45   TC_SS 
NOR401          2     4499.880    ss_125_2p45   TC_SS 
NOR501          2     4908.960    ss_125_2p45   TC_SS 
NOR601          2     5318.040    ss_125_2p45   TC_SS 
NOR801          2     6545.280    ss_125_2p45   TC_SS 
OR2101        305   311923.500    ss_125_2p45   TC_SS 
OR3101         21    30067.380    ss_125_2p45   TC_SS 
OR4101          3     4908.960    ss_125_2p45   TC_SS 
OR5101          1     2863.560    ss_125_2p45   TC_SS 
PDDR02          1     3272.640    ss_125_2p45   TC_SS 
PDDR04          6    19635.840    ss_125_2p45   TC_SS 
XNR201         90   165677.400    ss_125_2p45   TC_SS 
XOR201          1     2045.400    ss_125_2p45   TC_SS 
------------------------------------------------------
total        2969  4197930.260                


                                            
     Type      Instances     Area    Area % 
--------------------------------------------
sequential           258 1223967.360   29.2 
inverter            1323 1100834.280   26.2 
buffer                11   29249.220    0.7 
logic               1377 1843879.400   43.9 
physical_cells         0       0.000    0.0 
--------------------------------------------
total               2969 4197930.260  100.0 

