============================================================
  Generated by:           Genus(TM) Synthesis Solution 21.14-s082_1
  Generated on:           Aug 06 2026  10:29:45 am
  Module:                 top
  Operating conditions:   WORST 
  Interconnect mode:      global
  Area mode:              physical library
============================================================


Path 1: MET (1 ps) Setup Check with Pin OV7670_cam_configure_cam_OV7670_Registers_o_dout_reg[5]/C->D
          Group: i_top_clk
     Startpoint: (R) OV7670_cam_configure_cam_OV7670_config_o_rom_addr_reg[7]/C
          Clock: (R) i_top_clk
       Endpoint: (R) OV7670_cam_configure_cam_OV7670_Registers_o_dout_reg[5]/D
          Clock: (R) i_top_clk

                     Capture       Launch     
        Clock Edge:+   20000            0     
       Src Latency:+       0            0     
       Net Latency:+       0 (I)        0 (I) 
           Arrival:=   20000            0     
                                              
             Setup:-    1578                  
       Uncertainty:-     100                  
     Required Time:=   18322                  
      Launch Clock:-       0                  
         Data Path:-   18321                  
             Slack:=       1                  

#----------------------------------------------------------------------------------------------------------------------------------------
#                       Timing Point                         Flags     Arc     Edge   Cell     Fanout  Load Trans Delay Arrival Instance 
#                                                                                                      (fF)  (ps)  (ps)   (ps)  Location 
#----------------------------------------------------------------------------------------------------------------------------------------
  OV7670_cam_configure_cam_OV7670_config_o_rom_addr_reg[7]/C -       -         R     (arrival)    160     -   100     0       0    (-,-) 
  OV7670_cam_configure_cam_OV7670_config_o_rom_addr_reg[7]/Q -       C->Q      F     DFCL11         3 194.9  1756  5220    5220    (-,-) 
  g21930__2883/OUT1                                          -       IN2->OUT1 F     OR2101         4 171.0  1267  1989    7209    (-,-) 
  g21884__5107/OUT1                                          -       IN1->OUT1 F     OR2101         3 160.3  1229  1882    9091    (-,-) 
  fopt3/OUT1                                                 -       IN1->OUT1 R     INVR03         2 184.2  1097   760    9851    (-,-) 
  fopt/OUT1                                                  -       IN1->OUT1 F     INVR03         5 203.3   998   792   10643    (-,-) 
  g21820__6417/OUT1                                          -       IN2->OUT1 F     OR2101         1  92.1   975  1645   12288    (-,-) 
  drc_bufs54475/OUT1                                         -       IN1->OUT1 R     INVR03         2 133.8   884   615   12903    (-,-) 
  drc_bufs54474/OUT1                                         -       IN1->OUT1 F     INVR02         1  26.7   568   452   13355    (-,-) 
  g21675__50387/OUT1                                         -       IN2->OUT1 R     NND301         1  66.9   784  2305   15660    (-,-) 
  g21649/OUT1                                                -       IN1->OUT1 F     INVR02         3 108.5   784   648   16308    (-,-) 
  g21573__48205/OUT1                                         -       IN1->OUT1 F     AND401         1  52.9   782  1318   17626    (-,-) 
  g21562__3680/OUT1                                          -       IN1->OUT1 R     NND201         1 165.6  1782   695   18321    (-,-) 
  OV7670_cam_configure_cam_OV7670_Registers_o_dout_reg[5]/D  <<<     -         R     DFCL11         1     -     -     0   18321    (-,-) 
#----------------------------------------------------------------------------------------------------------------------------------------

