============================================================
  Generated by:           Genus(TM) Synthesis Solution 21.14-s082_1
  Generated on:           Aug 17 2026  10:00:48 am
  Module:                 top
  Operating conditions:   WORST 
  Interconnect mode:      global
  Area mode:              physical library
============================================================

       Instance                              Module                        Cell Count   Cell Area  Net Area   Total Area 
-------------------------------------------------------------------------------------------------------------------------
top                                                                              3119 4375987.200     0.000  4375987.200 
  OV7670_cam           cam_top_CAM_CONFIG_CLK100000000                           2307 3185613.100     0.000  3185613.100 
    cam_btn_start_db   debouncer_DELAY240000_1                                    200  277356.240     0.000   277356.240 
    cam_pixels         cam_capture                                                419  615460.860     0.000   615460.860 
    configure_cam      cam_init_CLK_F100000000_SCCB_F400000                      1687 2292182.380     0.000  2292182.380 
      OV7670_Registers cam_rom                                                    543  660664.200     0.000   660664.200 
      OV7670_config    cam_config_CLK_F100000000                                  494  733071.360     0.000   733071.360 
      SCCB_HERE        sccb_master_CLK_F100000000_SCCB_F400000                    650  898446.820     0.000   898446.820 
  display_interface    vga_top                                                    582  798884.540     0.000   798884.540 
    vga_timing_signals vga_driver_hDisp640_hFp16_hPulse96_hBp48_vDisp480_         236  327624.380     0.000   327624.380 
  pixel_memory         mem_bram_WIDTH12_DEPTH307200                                12   49089.600     0.000    49089.600 
  top_btn_db           debouncer_DELAY240000                                      205  307219.080     0.000   307219.080 
