============================================================
  Generated by:           Genus(TM) Synthesis Solution 21.14-s082_1
  Generated on:           Aug 17 2026  10:00:48 am
  Module:                 top
  Operating conditions:   WORST 
  Interconnect mode:      global
  Area mode:              physical library
============================================================

                                              Library 
 Gate   Instances     Area         Library     Domain 
------------------------------------------------------
ADNR01         33    40498.920    ss_125_2p45   TC_SS 
ADOR16          1     2659.020    ss_125_2p45   TC_SS 
AND201        434   532622.160    ss_125_2p45   TC_SS 
AND301         28    45816.960    ss_125_2p45   TC_SS 
AND401         26    47862.360    ss_125_2p45   TC_SS 
AND501         11    22499.400    ss_125_2p45   TC_SS 
AND801          4    14726.880    ss_125_2p45   TC_SS 
CDRI01         23    61157.460    ss_125_2p45   TC_SS 
DEC24H          2    12272.400    ss_125_2p45   TC_SS 
DEC24L          1     4499.880    ss_125_2p45   TC_SS 
DELBUF          2     1636.320    ss_125_2p45   TC_SS 
DFCL11        185   908157.600    ss_125_2p45   TC_SS 
DFFL11         52   212721.600    ss_125_2p45   TC_SS 
DFPR11         21   103088.160    ss_125_2p45   TC_SS 
INVR01         62    38044.440    ss_125_2p45   TC_SS 
INVR02        571   467169.360    ss_125_2p45   TC_SS 
INVR03        645   527713.200    ss_125_2p45   TC_SS 
INVR04          1     1022.700    ss_125_2p45   TC_SS 
INVR05         59    72407.160    ss_125_2p45   TC_SS 
INVR06         42    60134.760    ss_125_2p45   TC_SS 
MX201B          3     6603.720    ss_125_2p45   TC_SS 
NND201        167   136632.720    ss_125_2p45   TC_SS 
NND301         14    25772.040    ss_125_2p45   TC_SS 
NND401         30    67498.200    ss_125_2p45   TC_SS 
NND601          6    17181.360    ss_125_2p45   TC_SS 
NND701          2     6545.280    ss_125_2p45   TC_SS 
NOR200         11     8999.760    ss_125_2p45   TC_SS 
NOR201        183   299446.560    ss_125_2p45   TC_SS 
NOR301         15    27612.900    ss_125_2p45   TC_SS 
NOR401          2     4499.880    ss_125_2p45   TC_SS 
NOR601          2     5318.040    ss_125_2p45   TC_SS 
OR2101        376   384535.200    ss_125_2p45   TC_SS 
OR4101          1     1636.320    ss_125_2p45   TC_SS 
OR5101          2     5727.120    ss_125_2p45   TC_SS 
OR7101          2     6545.280    ss_125_2p45   TC_SS 
PDDR02          5    16363.200    ss_125_2p45   TC_SS 
PDDR04          2     6545.280    ss_125_2p45   TC_SS 
XNR201         90   165677.400    ss_125_2p45   TC_SS 
XOR201          3     6136.200    ss_125_2p45   TC_SS 
------------------------------------------------------
total        3119  4375987.200                


                                            
     Type      Instances     Area    Area % 
--------------------------------------------
sequential           258 1223967.360   28.0 
inverter            1380 1166491.620   26.7 
buffer                25   62793.780    1.4 
logic               1456 1922734.440   43.9 
physical_cells         0       0.000    0.0 
--------------------------------------------
total               3119 4375987.200  100.0 

