============================================================
  Generated by:           Genus(TM) Synthesis Solution 21.14-s082_1
  Generated on:           Aug 17 2026  10:00:48 am
  Module:                 top
  Operating conditions:   WORST 
  Interconnect mode:      global
  Area mode:              physical library
============================================================


Path 1: MET (4 ps) Setup Check with Pin OV7670_cam/configure_cam/OV7670_Registers/o_dout_reg[15]/C->D
          Group: i_top_clk
     Startpoint: (R) OV7670_cam/configure_cam/OV7670_config/o_rom_addr_reg[2]/C
          Clock: (R) i_top_clk
       Endpoint: (F) OV7670_cam/configure_cam/OV7670_Registers/o_dout_reg[15]/D
          Clock: (R) i_top_clk

                     Capture       Launch     
        Clock Edge:+   20000            0     
       Src Latency:+       0            0     
       Net Latency:+       0 (I)        0 (I) 
           Arrival:=   20000            0     
                                              
             Setup:-    1339                  
       Uncertainty:-     100                  
     Required Time:=   18561                  
      Launch Clock:-       0                  
         Data Path:-   18556                  
             Slack:=       4                  

#------------------------------------------------------------------------------------------------------------------------------------------
#                        Timing Point                          Flags     Arc     Edge   Cell     Fanout  Load Trans Delay Arrival Instance 
#                                                                                                        (fF)  (ps)  (ps)   (ps)  Location 
#------------------------------------------------------------------------------------------------------------------------------------------
  OV7670_cam/configure_cam/OV7670_config/o_rom_addr_reg[2]/C   -       -         R     (arrival)    160     -   100     0       0    (-,-) 
  OV7670_cam/configure_cam/OV7670_config/o_rom_addr_reg[2]/QB  -       C->QB     F     DFCL11         2 124.3  1684  4161    4161    (-,-) 
  OV7670_cam/configure_cam/OV7670_config/g6232/OUT1            -       IN1->OUT1 R     INVR03         4 260.2  1457   998    5160    (-,-) 
  OV7670_cam/configure_cam/OV7670_Registers/g6723/OUT1         -       IN1->OUT1 F     INVR05         2 184.2   950   695    5854    (-,-) 
  OV7670_cam/configure_cam/OV7670_Registers/fopt6843/OUT1      -       IN1->OUT1 R     INVR03         4 126.7   860   597    6452    (-,-) 
  OV7670_cam/configure_cam/OV7670_Registers/g6677_0__1881/OUT1 -       IN1->OUT1 R     OR2101         1  92.1  1037  1408    7860    (-,-) 
  OV7670_cam/configure_cam/OV7670_Registers/drc_bufs7445/OUT1  -       IN1->OUT1 F     INVR03         1  92.1   717   570    8430    (-,-) 
  OV7670_cam/configure_cam/OV7670_Registers/drc_bufs7443/OUT1  -       IN1->OUT1 R     INVR03         2 183.5   879   645    9075    (-,-) 
  OV7670_cam/configure_cam/OV7670_Registers/fopt7027/OUT1      -       IN1->OUT1 F     INVR05         8 236.9   812   653    9727    (-,-) 
  OV7670_cam/configure_cam/OV7670_Registers/g6612_0__7410/OUT1 -       IN1->OUT1 F     AND201         1  92.1   971  1383   11110    (-,-) 
  OV7670_cam/configure_cam/OV7670_Registers/g6584/OUT1         -       IN1->OUT1 R     INVR03         3 102.3   819   557   11667    (-,-) 
  OV7670_cam/configure_cam/OV7670_Registers/g6510__6260/OUT1   -       IN2->OUT1 R     OR2101         1  38.8   815  1259   12926    (-,-) 
  OV7670_cam/configure_cam/OV7670_Registers/g6443__8140/OUT1   -       IN1->OUT1 R     AND301         1  35.4   890  1859   14785    (-,-) 
  OV7670_cam/configure_cam/OV7670_Registers/g6417__5107/OUT1   -       IN3->OUT1 F     NND601         1 165.6  1440  3771   18556    (-,-) 
  OV7670_cam/configure_cam/OV7670_Registers/o_dout_reg[15]/D   <<<     -         F     DFCL11         1     -     -     0   18556    (-,-) 
#------------------------------------------------------------------------------------------------------------------------------------------

